ERC report (2026-08-09T02:01:25, Encoding UTF8)
Report includes: Errors, Warnings

***** Sheet /
[pin_to_pin]: Pins of type Power output and Power output are connected
    ; error
    @(24.13 mm, 224.79 mm): Symbol #FLG01 Pin 1 [Power output, Line]
    @(44.45 mm, 224.79 mm): Symbol #FLG02 Pin 1 [Power output, Line]
[power_pin_not_driven]: Input Power pin not driven by any Output Power pins
    ; error
    @(25.40 mm, 259.08 mm): Symbol #PWR01 Pin 1 [Power input, Line]
[pin_to_pin]: Pins of type Power output and Power output are connected
    ; error
    @(44.45 mm, 224.79 mm): Symbol #FLG02 Pin 1 [Power output, Line]
    @(71.12 mm, 223.52 mm): Symbol #FLG04 Pin 1 [Power output, Line]
[label_dangling]: Label not connected
    ; error
    @(107.95 mm, 97.79 mm): Label 'PHA1'
[label_dangling]: Label not connected
    ; error
    @(107.95 mm, 102.87 mm): Label 'PHB1'
[label_dangling]: Label not connected
    ; error
    @(107.95 mm, 107.95 mm): Label 'PHC1'
[label_dangling]: Label not connected
    ; error
    @(107.95 mm, 143.51 mm): Label 'PHA2'
[label_dangling]: Label not connected
    ; error
    @(107.95 mm, 148.59 mm): Label 'PHB2'
[label_dangling]: Label not connected
    ; error
    @(107.95 mm, 153.67 mm): Label 'PHC2'
[power_pin_not_driven]: Input Power pin not driven by any Output Power pins
    ; error
    @(208.28 mm, 29.21 mm): Symbol #PWR031 Pin 1 [Power input, Line]
[power_pin_not_driven]: Input Power pin not driven by any Output Power pins
    ; error
    @(208.28 mm, 101.60 mm): Symbol U7 Pin 29 [VDDA, Power input, Line]
[pin_to_pin]: Pins of type Power output and Power output are connected
    ; error
    @(240.03 mm, 31.75 mm): Symbol U9 Pin 3 [Vout, Power output, Line]
    @(245.11 mm, 31.75 mm): Symbol #FLG06 Pin 1 [Power output, Line]
[lib_symbol_mismatch]: Symbol 'BK22C07-4DP/2-0_4V(800)' doesn't match copy in library 'Connector_HRS_BK22__C'
    ; warning
    @(34.29 mm, 215.90 mm): Symbol U1 [BK22C07-4DP/2-0_4V(800)]
[lib_symbol_mismatch]: Symbol 'BK22C07-4DP/2-0_4V(800)' doesn't match copy in library 'Connector_HRS_BK22__C'
    ; warning
    @(34.29 mm, 247.65 mm): Symbol U2 [BK22C07-4DP/2-0_4V(800)]
[lib_symbol_mismatch]: Symbol 'XY-SH1_0-3A61' doesn't match copy in library 'Connector_SH1.0__C'
    ; warning
    @(39.37 mm, 53.34 mm): Symbol J1 [XY-SH1_0-3A61]
[pin_to_pin]: Pins of type Unspecified and Unspecified are connected
    ; warning
    @(54.61 mm, 262.89 mm): Symbol J4 Pin 1 [1, Unspecified, Line]
    @(54.61 mm, 273.05 mm): Symbol J6 Pin 1 [1, Unspecified, Line]
[pin_to_pin]: Pins of type Unspecified and Unspecified are connected
    ; warning
    @(54.61 mm, 265.43 mm): Symbol J4 Pin 2 [2, Unspecified, Line]
    @(54.61 mm, 275.59 mm): Symbol J6 Pin 2 [2, Unspecified, Line]
[pin_to_pin]: Pins of type Unspecified and Power input are connected
    ; warning
    @(54.61 mm, 273.05 mm): Symbol J6 Pin 1 [1, Unspecified, Line]
    @(46.99 mm, 276.86 mm): Symbol #PWR094 Pin 1 [Power input, Line]
[pin_to_pin]: Pins of type Unspecified and Power input are connected
    ; warning
    @(54.61 mm, 275.59 mm): Symbol J6 Pin 2 [2, Unspecified, Line]
    @(49.53 mm, 256.54 mm): Symbol #PWR095 Pin 1 [Power input, Line]
[lib_symbol_mismatch]: Symbol '1N4148WS_T4' doesn't match copy in library 'Diode__C'
    ; warning
    @(64.77 mm, 232.41 mm): Symbol D1 [1N4148WS_T4]
[lib_symbol_mismatch]: Symbol 'TYPE-C-31-M-12' doesn't match copy in library 'Connector_USB__C'
    ; warning
    @(71.12 mm, 46.99 mm): Symbol J2 [TYPE-C-31-M-12]
[lib_symbol_mismatch]: Symbol 'FMMT620TA' doesn't match copy in library 'Transistor_BJT__C'
    ; warning
    @(76.20 mm, 234.95 mm): Symbol U3 [FMMT620TA]
[lib_symbol_mismatch]: Symbol 'WSD4066DN' doesn't match copy in library 'Transistor_FET__C'
    ; warning
    @(92.71 mm, 223.52 mm): Symbol U4 [WSD4066DN]
[lib_symbol_mismatch]: Symbol 'SMTSOM225BTR' doesn't match copy in library 'Mechanical__C'
    ; warning
    @(149.86 mm, 257.81 mm): Symbol H3 [SMTSOM225BTR]
[pin_to_pin]: Pins of type Unspecified and Power input are connected
    ; warning
    @(149.86 mm, 262.89 mm): Symbol H3 Pin 1 [1, Unspecified, Line]
    @(143.51 mm, 266.70 mm): Symbol #PWR022 Pin 1 [Power input, Line]
[lib_symbol_mismatch]: Symbol 'SMTSOM225BTR' doesn't match copy in library 'Mechanical__C'
    ; warning
    @(172.72 mm, 257.81 mm): Symbol H6 [SMTSOM225BTR]
[pin_to_pin]: Pins of type Unspecified and Input are connected
    ; warning
    @(172.72 mm, 262.89 mm): Symbol H6 Pin 1 [1, Unspecified, Line]
    @(172.72 mm, 252.73 mm): Symbol H5 Pin 1 [1, Input, Line]
[lib_symbol_mismatch]: Symbol '1N4148WS_T4' doesn't match copy in library 'Diode__C'
    ; warning
    @(191.77 mm, 49.53 mm): Symbol D2 [1N4148WS_T4]
[lib_symbol_mismatch]: Symbol 'SMTSOM225BTR' doesn't match copy in library 'Mechanical__C'
    ; warning
    @(195.58 mm, 257.81 mm): Symbol H9 [SMTSOM225BTR]
[pin_to_pin]: Pins of type Unspecified and Input are connected
    ; warning
    @(195.58 mm, 262.89 mm): Symbol H9 Pin 1 [1, Unspecified, Line]
    @(195.58 mm, 252.73 mm): Symbol H8 Pin 1 [1, Input, Line]
[lib_symbol_mismatch]: Symbol 'SMTSOM225BTR' doesn't match copy in library 'Mechanical__C'
    ; warning
    @(218.44 mm, 257.81 mm): Symbol H12 [SMTSOM225BTR]
[pin_to_pin]: Pins of type Unspecified and Input are connected
    ; warning
    @(218.44 mm, 262.89 mm): Symbol H12 Pin 1 [1, Unspecified, Line]
    @(218.44 mm, 252.73 mm): Symbol H11 Pin 1 [1, Input, Line]
[lib_symbol_mismatch]: Symbol 'H5VN10B' doesn't match copy in library 'Diode__C'
    ; warning
    @(228.60 mm, 52.07 mm): Symbol U8 [H5VN10B]
[lib_symbol_mismatch]: Symbol 'XC6206P332MR' doesn't match copy in library 'Regulator_Linear__C'
    ; warning
    @(229.87 mm, 36.83 mm): Symbol U9 [XC6206P332MR]
[pin_to_pin]: Pins of type Unspecified and Bidirectional are connected
    ; warning
    @(298.45 mm, 40.64 mm): Symbol U11 Pin 1 [TXD, Unspecified, Line]
    @(218.44 mm, 167.64 mm): Symbol U7 Pin 59 [PB6, Bidirectional, Line]
[pin_to_pin]: Pins of type Unspecified and Passive are connected
    ; warning
    @(298.45 mm, 43.18 mm): Symbol U11 Pin 2 [GND, Unspecified, Line]
    @(294.64 mm, 59.69 mm): Symbol C16 Pin 1 [1, Passive, Line]
[pin_to_pin]: Pins of type Unspecified and Passive are connected
    ; warning
    @(298.45 mm, 45.72 mm): Symbol U11 Pin 3 [VCC, Unspecified, Line]
    @(294.64 mm, 49.53 mm): Symbol C16 Pin 2 [2, Passive, Line]
[pin_to_pin]: Pins of type Unspecified and Bidirectional are connected
    ; warning
    @(298.45 mm, 48.26 mm): Symbol U11 Pin 4 [RXD, Unspecified, Line]
    @(218.44 mm, 182.88 mm): Symbol U7 Pin 34 [PB12, Bidirectional, Line]
[lib_symbol_mismatch]: Symbol 'XY-SH1_0-4A61' doesn't match copy in library 'Connector_SH1.0__C'
    ; warning
    @(307.34 mm, 209.55 mm): Symbol J5 [XY-SH1_0-4A61]
[lib_symbol_mismatch]: Symbol 'CA-IF1044VD-Q1' doesn't match copy in library 'Interface_CAN_LIN__C'
    ; warning
    @(311.15 mm, 43.18 mm): Symbol U11 [CA-IF1044VD-Q1]
[pin_to_pin]: Pins of type Unspecified and Passive are connected
    ; warning
    @(323.85 mm, 38.10 mm): Symbol U11 Pin 9 [EP, Unspecified, Line]
    @(331.47 mm, 59.69 mm): Symbol R22 Pin 1 [1, Passive, Line]
[pin_to_pin]: Pins of type Unspecified and Unspecified are connected
    ; warning
    @(323.85 mm, 40.64 mm): Symbol U11 Pin 8 [STB, Unspecified, Line]
    @(323.85 mm, 38.10 mm): Symbol U11 Pin 9 [EP, Unspecified, Line]
[pin_to_pin]: Pins of type Unspecified and Passive are connected
    ; warning
    @(323.85 mm, 43.18 mm): Symbol U11 Pin 7 [CANH, Unspecified, Line]
    @(336.55 mm, 34.29 mm): Symbol U12 Pin 1 [1, Passive, Line]
[pin_to_pin]: Pins of type Unspecified and Passive are connected
    ; warning
    @(323.85 mm, 45.72 mm): Symbol U11 Pin 6 [CANL, Unspecified, Line]
    @(335.28 mm, 44.45 mm): Symbol R24 Pin 1 [1, Passive, Line]
[pin_to_pin]: Pins of type Unspecified and Passive are connected
    ; warning
    @(323.85 mm, 48.26 mm): Symbol U11 Pin 5 [VIO/NC, Unspecified, Line]
    @(331.47 mm, 49.53 mm): Symbol R22 Pin 2 [2, Passive, Line]
[lib_symbol_mismatch]: Symbol 'ACT1210D-101-2P-TL00' doesn't match copy in library 'CMC__C'
    ; warning
    @(341.63 mm, 36.83 mm): Symbol U12 [ACT1210D-101-2P-TL00]
[lib_symbol_mismatch]: Symbol 'PESD2CAN' doesn't match copy in library 'Diode__C'
    ; warning
    @(350.52 mm, 53.34 mm): Symbol U13 [PESD2CAN]
[lib_symbol_mismatch]: Symbol 'TC2030' doesn't match copy in library 'Connector'
    ; warning
    @(361.95 mm, 207.01 mm): Symbol J3 [TC2030]
[multiple_net_names]: Both VDDA_DECOUPLE and VREF_DECOUPLE are attached to the same items; VDDA_DECOUPLE will be used in the netlist
    ; warning
    @(208.28 mm, 101.60 mm): Label 'VDDA_DECOUPLE'
    @(367.03 mm, 147.32 mm): Label 'VREF_DECOUPLE'
[lib_symbol_mismatch]: Symbol 'XY-SH1_0-3A61' doesn't match copy in library 'Connector_SH1.0__C'
    ; warning
    @(388.62 mm, 34.29 mm): Symbol J7 [XY-SH1_0-3A61]
[lib_symbol_mismatch]: Symbol 'XY-SH1_0-3A61' doesn't match copy in library 'Connector_SH1.0__C'
    ; warning
    @(388.62 mm, 50.80 mm): Symbol J8 [XY-SH1_0-3A61]
[pin_to_pin]: Pins of type Unspecified and Bidirectional are connected
    ; warning
    @(396.24 mm, 80.01 mm): Symbol TP1 Pin 1 [1, Unspecified, Line]
    @(218.44 mm, 119.38 mm): Symbol U7 Pin 18 [PA4, Bidirectional, Line]
[pin_to_pin]: Pins of type Unspecified and Bidirectional are connected
    ; warning
    @(396.24 mm, 82.55 mm): Symbol TP2 Pin 1 [1, Unspecified, Line]
    @(218.44 mm, 121.92 mm): Symbol U7 Pin 19 [PA5, Bidirectional, Line]
[pin_to_pin]: Pins of type Unspecified and Bidirectional are connected
    ; warning
    @(396.24 mm, 85.09 mm): Symbol TP3 Pin 1 [1, Unspecified, Line]
    @(218.44 mm, 127.00 mm): Symbol U7 Pin 21 [PA7, Bidirectional, Line]
[pin_to_pin]: Pins of type Unspecified and Bidirectional are connected
    ; warning
    @(396.24 mm, 87.63 mm): Symbol TP4 Pin 1 [1, Unspecified, Line]
    @(218.44 mm, 124.46 mm): Symbol U7 Pin 20 [PA6, Bidirectional, Line]
[pin_to_pin]: Pins of type Unspecified and Bidirectional are connected
    ; warning
    @(396.24 mm, 92.71 mm): Symbol TP5 Pin 1 [1, Unspecified, Line]
    @(182.88 mm, 154.94 mm): Symbol U7 Pin 41 [PC9, Bidirectional, Line]
[pin_to_pin]: Pins of type Unspecified and Bidirectional are connected
    ; warning
    @(396.24 mm, 95.25 mm): Symbol TP6 Pin 1 [1, Unspecified, Line]
    @(218.44 mm, 185.42 mm): Symbol U7 Pin 35 [PB13, Bidirectional, Line]
[pin_to_pin]: Pins of type Unspecified and Bidirectional are connected
    ; warning
    @(396.24 mm, 97.79 mm): Symbol TP7 Pin 1 [1, Unspecified, Line]
    @(218.44 mm, 190.50 mm): Symbol U7 Pin 37 [PB15, Bidirectional, Line]
[pin_to_pin]: Pins of type Unspecified and Bidirectional are connected
    ; warning
    @(396.24 mm, 100.33 mm): Symbol TP8 Pin 1 [1, Unspecified, Line]
    @(218.44 mm, 134.62 mm): Symbol U7 Pin 44 [PA10, Bidirectional, Line]
[pin_to_pin]: Pins of type Unspecified and Bidirectional are connected
    ; warning
    @(396.24 mm, 105.41 mm): Symbol TP9 Pin 1 [1, Unspecified, Line]
    @(182.88 mm, 127.00 mm): Symbol U7 Pin 55 [PD2, Bidirectional, Line]
[pin_to_pin]: Pins of type Unspecified and Bidirectional are connected
    ; warning
    @(396.24 mm, 107.95 mm): Symbol TP10 Pin 1 [1, Unspecified, Line]
    @(182.88 mm, 157.48 mm): Symbol U7 Pin 52 [PC10, Bidirectional, Line]
[pin_to_pin]: Pins of type Unspecified and Bidirectional are connected
    ; warning
    @(396.24 mm, 110.49 mm): Symbol TP11 Pin 1 [1, Unspecified, Line]
    @(182.88 mm, 162.56 mm): Symbol U7 Pin 54 [PC12, Bidirectional, Line]
[pin_to_pin]: Pins of type Unspecified and Bidirectional are connected
    ; warning
    @(396.24 mm, 113.03 mm): Symbol TP12 Pin 1 [1, Unspecified, Line]
    @(182.88 mm, 160.02 mm): Symbol U7 Pin 53 [PC11, Bidirectional, Line]
[pin_to_pin]: Pins of type Unspecified and Bidirectional are connected
    ; warning
    @(396.24 mm, 118.11 mm): Symbol TP13 Pin 1 [1, Unspecified, Line]
    @(218.44 mm, 180.34 mm): Symbol U7 Pin 33 [PB11, Bidirectional, Line]
[pin_to_pin]: Pins of type Unspecified and Bidirectional are connected
    ; warning
    @(396.24 mm, 120.65 mm): Symbol TP14 Pin 1 [1, Unspecified, Line]
    @(218.44 mm, 177.80 mm): Symbol U7 Pin 30 [PB10, Bidirectional, Line]
[pin_to_pin]: Pins of type Unspecified and Bidirectional are connected
    ; warning
    @(396.24 mm, 123.19 mm): Symbol TP15 Pin 1 [1, Unspecified, Line]
    @(218.44 mm, 154.94 mm): Symbol U7 Pin 25 [PB1, Bidirectional, Line]
[pin_to_pin]: Pins of type Unspecified and Bidirectional are connected
    ; warning
    @(396.24 mm, 125.73 mm): Symbol TP16 Pin 1 [1, Unspecified, Line]
    @(218.44 mm, 152.40 mm): Symbol U7 Pin 24 [PB0, Bidirectional, Line]
[pin_to_pin]: Pins of type Unspecified and Unspecified are connected
    ; warning
    @(396.24 mm, 130.81 mm): Symbol TP17 Pin 1 [1, Unspecified, Line]
    @(298.45 mm, 40.64 mm): Symbol U11 Pin 1 [TXD, Unspecified, Line]
[pin_to_pin]: Pins of type Unspecified and Unspecified are connected
    ; warning
    @(396.24 mm, 133.35 mm): Symbol TP18 Pin 1 [1, Unspecified, Line]
    @(298.45 mm, 48.26 mm): Symbol U11 Pin 4 [RXD, Unspecified, Line]
[pin_to_pin]: Pins of type Unspecified and Passive are connected
    ; warning
    @(396.24 mm, 140.97 mm): Symbol TP19 Pin 1 [1, Unspecified, Line]
    @(275.59 mm, 88.90 mm): Symbol R12 Pin 2 [2, Passive, Line]
[pin_to_pin]: Pins of type Unspecified and Passive are connected
    ; warning
    @(396.24 mm, 143.51 mm): Symbol TP20 Pin 1 [1, Unspecified, Line]
    @(294.64 mm, 107.95 mm): Symbol R17 Pin 2 [2, Passive, Line]
[pin_to_pin]: Pins of type Unspecified and Passive are connected
    ; warning
    @(396.24 mm, 146.05 mm): Symbol TP21 Pin 1 [1, Unspecified, Line]
    @(281.94 mm, 95.25 mm): Symbol R13 Pin 2 [2, Passive, Line]
[pin_to_pin]: Pins of type Unspecified and Passive are connected
    ; warning
    @(396.24 mm, 148.59 mm): Symbol TP22 Pin 1 [1, Unspecified, Line]
    @(300.99 mm, 114.30 mm): Symbol R19 Pin 2 [2, Passive, Line]
[pin_to_pin]: Pins of type Unspecified and Passive are connected
    ; warning
    @(396.24 mm, 151.13 mm): Symbol TP23 Pin 1 [1, Unspecified, Line]
    @(288.29 mm, 101.60 mm): Symbol R14 Pin 2 [2, Passive, Line]
[pin_to_pin]: Pins of type Unspecified and Passive are connected
    ; warning
    @(396.24 mm, 153.67 mm): Symbol TP24 Pin 1 [1, Unspecified, Line]
    @(307.34 mm, 120.65 mm): Symbol R20 Pin 2 [2, Passive, Line]
[pin_to_pin]: Pins of type Unspecified and Power input are connected
    ; warning
    @(396.24 mm, 163.83 mm): Symbol TP25 Pin 1 [1, Unspecified, Line]
    @(393.70 mm, 162.56 mm): Symbol #PWR061 Pin 1 [Power input, Line]
[pin_to_pin]: Pins of type Unspecified and Power input are connected
    ; warning
    @(396.24 mm, 166.37 mm): Symbol TP26 Pin 1 [1, Unspecified, Line]
    @(387.35 mm, 163.83 mm): Symbol #PWR058 Pin 1 [Power input, Line]
[pin_to_pin]: Pins of type Unspecified and Power input are connected
    ; warning
    @(396.24 mm, 168.91 mm): Symbol TP27 Pin 1 [1, Unspecified, Line]
    @(387.35 mm, 171.45 mm): Symbol #PWR059 Pin 1 [Power input, Line]
[pin_to_pin]: Pins of type Unspecified and Passive are connected
    ; warning
    @(396.24 mm, 171.45 mm): Symbol TP28 Pin 1 [1, Unspecified, Line]
    @(339.09 mm, 209.55 mm): Symbol C29 Pin 2 [2, Passive, Line]
[pin_to_pin]: Pins of type Unspecified and Passive are connected
    ; warning
    @(396.24 mm, 180.34 mm): Symbol TP29 Pin 1 [1, Unspecified, Line]
    @(278.13 mm, 208.28 mm): Symbol R15 Pin 1 [1, Passive, Line]
[pin_to_pin]: Pins of type Unspecified and Passive are connected
    ; warning
    @(396.24 mm, 182.88 mm): Symbol TP30 Pin 1 [1, Unspecified, Line]
    @(278.13 mm, 213.36 mm): Symbol R16 Pin 2 [2, Passive, Line]
[pin_to_pin]: Pins of type Unspecified and Bidirectional are connected
    ; warning
    @(396.24 mm, 189.23 mm): Symbol TP31 Pin 1 [1, Unspecified, Line]
    @(218.44 mm, 175.26 mm): Symbol U7 Pin 62 [PB9, Bidirectional, Line]
[pin_to_pin]: Pins of type Unspecified and Bidirectional are connected
    ; warning
    @(396.24 mm, 191.77 mm): Symbol TP32 Pin 1 [1, Unspecified, Line]
    @(182.88 mm, 137.16 mm): Symbol U7 Pin 10 [PC2, Bidirectional, Line]
[pin_to_pin]: Pins of type Unspecified and Bidirectional are connected
    ; warning
    @(396.24 mm, 194.31 mm): Symbol TP33 Pin 1 [1, Unspecified, Line]
    @(218.44 mm, 187.96 mm): Symbol U7 Pin 36 [PB14, Bidirectional, Line]
[pin_to_pin]: Pins of type Unspecified and Bidirectional are connected
    ; warning
    @(396.24 mm, 196.85 mm): Symbol TP34 Pin 1 [1, Unspecified, Line]
    @(182.88 mm, 134.62 mm): Symbol U7 Pin 9 [PC1, Bidirectional, Line]
[pin_to_pin]: Pins of type Unspecified and Bidirectional are connected
    ; warning
    @(396.24 mm, 199.39 mm): Symbol TP35 Pin 1 [1, Unspecified, Line]
    @(182.88 mm, 165.10 mm): Symbol U7 Pin 2 [PC13, Bidirectional, Line]
[pin_to_pin]: Pins of type Unspecified and Bidirectional are connected
    ; warning
    @(396.24 mm, 201.93 mm): Symbol TP36 Pin 1 [1, Unspecified, Line]
    @(182.88 mm, 132.08 mm): Symbol U7 Pin 8 [PC0, Bidirectional, Line]
[pin_to_pin]: Pins of type Unspecified and Bidirectional are connected
    ; warning
    @(396.24 mm, 208.28 mm): Symbol TP37 Pin 1 [1, Unspecified, Line]
    @(218.44 mm, 165.10 mm): Symbol U7 Pin 58 [PB5, Bidirectional, Line]
[pin_to_pin]: Pins of type Unspecified and Bidirectional are connected
    ; warning
    @(396.24 mm, 210.82 mm): Symbol TP38 Pin 1 [1, Unspecified, Line]
    @(182.88 mm, 152.40 mm): Symbol U7 Pin 40 [PC8, Bidirectional, Line]
[pin_to_pin]: Pins of type Unspecified and Bidirectional are connected
    ; warning
    @(396.24 mm, 213.36 mm): Symbol TP39 Pin 1 [1, Unspecified, Line]
    @(218.44 mm, 162.56 mm): Symbol U7 Pin 57 [PB4, Bidirectional, Line]
[pin_to_pin]: Pins of type Unspecified and Bidirectional are connected
    ; warning
    @(396.24 mm, 215.90 mm): Symbol TP40 Pin 1 [1, Unspecified, Line]
    @(182.88 mm, 149.86 mm): Symbol U7 Pin 39 [PC7, Bidirectional, Line]
[pin_to_pin]: Pins of type Unspecified and Bidirectional are connected
    ; warning
    @(396.24 mm, 218.44 mm): Symbol TP41 Pin 1 [1, Unspecified, Line]
    @(218.44 mm, 160.02 mm): Symbol U7 Pin 56 [PB3, Bidirectional, Line]
[pin_to_pin]: Pins of type Unspecified and Bidirectional are connected
    ; warning
    @(396.24 mm, 220.98 mm): Symbol TP42 Pin 1 [1, Unspecified, Line]
    @(182.88 mm, 147.32 mm): Symbol U7 Pin 38 [PC6, Bidirectional, Line]
[pin_to_pin]: Pins of type Unspecified and Passive are connected
    ; warning
    @(396.24 mm, 226.06 mm): Symbol TP43 Pin 1 [1, Unspecified, Line]
    @(335.28 mm, 49.53 mm): Symbol C19 Pin 2 [2, Passive, Line]
[pin_to_pin]: Pins of type Unspecified and Power input are connected
    ; warning
    @(396.24 mm, 234.95 mm): Symbol TP44 Pin 1 [1, Unspecified, Line]
    @(389.89 mm, 233.68 mm): Symbol #PWR060 Pin 1 [Power input, Line]
[pin_to_pin]: Pins of type Unspecified and Passive are connected
    ; warning
    @(396.24 mm, 237.49 mm): Symbol TP45 Pin 1 [1, Unspecified, Line]
    @(209.55 mm, 49.53 mm): Symbol Q1 Pin 3 [D, Passive, Line]
[pin_to_pin]: Pins of type Unspecified and Passive are connected
    ; warning
    @(396.24 mm, 240.03 mm): Symbol TP46 Pin 1 [1, Unspecified, Line]
    @(92.71 mm, 241.30 mm): Symbol R4 Pin 2 [2, Passive, Line]
[lib_symbol_mismatch]: Symbol 'TestPoint' doesn't match copy in library 'Connector'
    ; warning
    @(398.78 mm, 80.01 mm): Symbol TP1 [TestPoint]
[lib_symbol_mismatch]: Symbol 'TestPoint' doesn't match copy in library 'Connector'
    ; warning
    @(398.78 mm, 82.55 mm): Symbol TP2 [TestPoint]
[lib_symbol_mismatch]: Symbol 'TestPoint' doesn't match copy in library 'Connector'
    ; warning
    @(398.78 mm, 85.09 mm): Symbol TP3 [TestPoint]
[lib_symbol_mismatch]: Symbol 'TestPoint' doesn't match copy in library 'Connector'
    ; warning
    @(398.78 mm, 87.63 mm): Symbol TP4 [TestPoint]
[lib_symbol_mismatch]: Symbol 'TestPoint' doesn't match copy in library 'Connector'
    ; warning
    @(398.78 mm, 92.71 mm): Symbol TP5 [TestPoint]
[lib_symbol_mismatch]: Symbol 'TestPoint' doesn't match copy in library 'Connector'
    ; warning
    @(398.78 mm, 95.25 mm): Symbol TP6 [TestPoint]
[lib_symbol_mismatch]: Symbol 'TestPoint' doesn't match copy in library 'Connector'
    ; warning
    @(398.78 mm, 97.79 mm): Symbol TP7 [TestPoint]
[lib_symbol_mismatch]: Symbol 'TestPoint' doesn't match copy in library 'Connector'
    ; warning
    @(398.78 mm, 100.33 mm): Symbol TP8 [TestPoint]
[lib_symbol_mismatch]: Symbol 'TestPoint' doesn't match copy in library 'Connector'
    ; warning
    @(398.78 mm, 105.41 mm): Symbol TP9 [TestPoint]
[lib_symbol_mismatch]: Symbol 'TestPoint' doesn't match copy in library 'Connector'
    ; warning
    @(398.78 mm, 107.95 mm): Symbol TP10 [TestPoint]
[lib_symbol_mismatch]: Symbol 'TestPoint' doesn't match copy in library 'Connector'
    ; warning
    @(398.78 mm, 110.49 mm): Symbol TP11 [TestPoint]
[lib_symbol_mismatch]: Symbol 'TestPoint' doesn't match copy in library 'Connector'
    ; warning
    @(398.78 mm, 113.03 mm): Symbol TP12 [TestPoint]
[lib_symbol_mismatch]: Symbol 'TestPoint' doesn't match copy in library 'Connector'
    ; warning
    @(398.78 mm, 118.11 mm): Symbol TP13 [TestPoint]
[lib_symbol_mismatch]: Symbol 'TestPoint' doesn't match copy in library 'Connector'
    ; warning
    @(398.78 mm, 120.65 mm): Symbol TP14 [TestPoint]
[lib_symbol_mismatch]: Symbol 'TestPoint' doesn't match copy in library 'Connector'
    ; warning
    @(398.78 mm, 123.19 mm): Symbol TP15 [TestPoint]
[lib_symbol_mismatch]: Symbol 'TestPoint' doesn't match copy in library 'Connector'
    ; warning
    @(398.78 mm, 125.73 mm): Symbol TP16 [TestPoint]
[lib_symbol_mismatch]: Symbol 'TestPoint' doesn't match copy in library 'Connector'
    ; warning
    @(398.78 mm, 130.81 mm): Symbol TP17 [TestPoint]
[lib_symbol_mismatch]: Symbol 'TestPoint' doesn't match copy in library 'Connector'
    ; warning
    @(398.78 mm, 133.35 mm): Symbol TP18 [TestPoint]
[lib_symbol_mismatch]: Symbol 'TestPoint' doesn't match copy in library 'Connector'
    ; warning
    @(398.78 mm, 140.97 mm): Symbol TP19 [TestPoint]
[lib_symbol_mismatch]: Symbol 'TestPoint' doesn't match copy in library 'Connector'
    ; warning
    @(398.78 mm, 143.51 mm): Symbol TP20 [TestPoint]
[lib_symbol_mismatch]: Symbol 'TestPoint' doesn't match copy in library 'Connector'
    ; warning
    @(398.78 mm, 146.05 mm): Symbol TP21 [TestPoint]
[lib_symbol_mismatch]: Symbol 'TestPoint' doesn't match copy in library 'Connector'
    ; warning
    @(398.78 mm, 148.59 mm): Symbol TP22 [TestPoint]
[lib_symbol_mismatch]: Symbol 'TestPoint' doesn't match copy in library 'Connector'
    ; warning
    @(398.78 mm, 151.13 mm): Symbol TP23 [TestPoint]
[lib_symbol_mismatch]: Symbol 'TestPoint' doesn't match copy in library 'Connector'
    ; warning
    @(398.78 mm, 153.67 mm): Symbol TP24 [TestPoint]
[lib_symbol_mismatch]: Symbol 'TestPoint' doesn't match copy in library 'Connector'
    ; warning
    @(398.78 mm, 163.83 mm): Symbol TP25 [TestPoint]
[lib_symbol_mismatch]: Symbol 'TestPoint' doesn't match copy in library 'Connector'
    ; warning
    @(398.78 mm, 166.37 mm): Symbol TP26 [TestPoint]
[lib_symbol_mismatch]: Symbol 'TestPoint' doesn't match copy in library 'Connector'
    ; warning
    @(398.78 mm, 168.91 mm): Symbol TP27 [TestPoint]
[lib_symbol_mismatch]: Symbol 'TestPoint' doesn't match copy in library 'Connector'
    ; warning
    @(398.78 mm, 171.45 mm): Symbol TP28 [TestPoint]
[lib_symbol_mismatch]: Symbol 'TestPoint' doesn't match copy in library 'Connector'
    ; warning
    @(398.78 mm, 180.34 mm): Symbol TP29 [TestPoint]
[lib_symbol_mismatch]: Symbol 'TestPoint' doesn't match copy in library 'Connector'
    ; warning
    @(398.78 mm, 182.88 mm): Symbol TP30 [TestPoint]
[lib_symbol_mismatch]: Symbol 'TestPoint' doesn't match copy in library 'Connector'
    ; warning
    @(398.78 mm, 189.23 mm): Symbol TP31 [TestPoint]
[lib_symbol_mismatch]: Symbol 'TestPoint' doesn't match copy in library 'Connector'
    ; warning
    @(398.78 mm, 191.77 mm): Symbol TP32 [TestPoint]
[lib_symbol_mismatch]: Symbol 'TestPoint' doesn't match copy in library 'Connector'
    ; warning
    @(398.78 mm, 194.31 mm): Symbol TP33 [TestPoint]
[lib_symbol_mismatch]: Symbol 'TestPoint' doesn't match copy in library 'Connector'
    ; warning
    @(398.78 mm, 196.85 mm): Symbol TP34 [TestPoint]
[lib_symbol_mismatch]: Symbol 'TestPoint' doesn't match copy in library 'Connector'
    ; warning
    @(398.78 mm, 199.39 mm): Symbol TP35 [TestPoint]
[lib_symbol_mismatch]: Symbol 'TestPoint' doesn't match copy in library 'Connector'
    ; warning
    @(398.78 mm, 201.93 mm): Symbol TP36 [TestPoint]
[lib_symbol_mismatch]: Symbol 'TestPoint' doesn't match copy in library 'Connector'
    ; warning
    @(398.78 mm, 208.28 mm): Symbol TP37 [TestPoint]
[lib_symbol_mismatch]: Symbol 'TestPoint' doesn't match copy in library 'Connector'
    ; warning
    @(398.78 mm, 210.82 mm): Symbol TP38 [TestPoint]
[lib_symbol_mismatch]: Symbol 'TestPoint' doesn't match copy in library 'Connector'
    ; warning
    @(398.78 mm, 213.36 mm): Symbol TP39 [TestPoint]
[lib_symbol_mismatch]: Symbol 'TestPoint' doesn't match copy in library 'Connector'
    ; warning
    @(398.78 mm, 215.90 mm): Symbol TP40 [TestPoint]
[lib_symbol_mismatch]: Symbol 'TestPoint' doesn't match copy in library 'Connector'
    ; warning
    @(398.78 mm, 218.44 mm): Symbol TP41 [TestPoint]
[lib_symbol_mismatch]: Symbol 'TestPoint' doesn't match copy in library 'Connector'
    ; warning
    @(398.78 mm, 220.98 mm): Symbol TP42 [TestPoint]
[lib_symbol_mismatch]: Symbol 'TestPoint' doesn't match copy in library 'Connector'
    ; warning
    @(398.78 mm, 226.06 mm): Symbol TP43 [TestPoint]
[lib_symbol_mismatch]: Symbol 'TestPoint' doesn't match copy in library 'Connector'
    ; warning
    @(398.78 mm, 234.95 mm): Symbol TP44 [TestPoint]
[lib_symbol_mismatch]: Symbol 'TestPoint' doesn't match copy in library 'Connector'
    ; warning
    @(398.78 mm, 237.49 mm): Symbol TP45 [TestPoint]
[lib_symbol_mismatch]: Symbol 'TestPoint' doesn't match copy in library 'Connector'
    ; warning
    @(398.78 mm, 240.03 mm): Symbol TP46 [TestPoint]
[lib_symbol_issues]: The current configuration does not include the symbol library 'Basic_Capacitors_Resistors'
    ; warning
    @(107.95 mm, 90.17 mm): Symbol R36 [0603WAF0000T5E]
[lib_symbol_issues]: The current configuration does not include the symbol library 'Basic_Capacitors_Resistors'
    ; warning
    @(115.57 mm, 92.71 mm): Symbol R37 [0603WAF0000T5E]
[lib_symbol_issues]: The current configuration does not include the symbol library 'Basic_Capacitors_Resistors'
    ; warning
    @(123.19 mm, 95.25 mm): Symbol R38 [0603WAF0000T5E]
[lib_symbol_issues]: The current configuration does not include the symbol library 'Basic_Capacitors_Resistors'
    ; warning
    @(157.48 mm, 110.49 mm): Symbol C60 [CL05B104KB54PNC]
[lib_symbol_issues]: The current configuration does not include the symbol library 'Connector_SH1.0'
    ; warning
    @(184.15 mm, 101.60 mm): Symbol J12 [XY-SH1_0-6A51]
[lib_symbol_issues]: Symbol 'SRV05-4' not found in symbol library 'Diode'
    ; warning
    @(215.90 mm, 102.87 mm): Symbol U19 [SRV05-4]
[lib_symbol_issues]: The current configuration does not include the symbol library 'Basic_Capacitors_Resistors'
    ; warning
    @(95.25 mm, 102.87 mm): Symbol R35 [0402WGF1003TCE]
[lib_symbol_issues]: Symbol 'BZT52B5V1S_C19077434' not found in symbol library 'Diode'
    ; warning
    @(95.25 mm, 118.11 mm): Symbol D4 [BZT52B5V1S_C19077434]
[lib_symbol_issues]: Symbol 'KT-0603R' not found in symbol library 'LED'
    ; warning
    @(109.22 mm, 90.17 mm): Symbol LED5 [KT-0603R]
[lib_symbol_issues]: The current configuration does not include the symbol library 'Basic_Capacitors_Resistors'
    ; warning
    @(109.22 mm, 101.60 mm): Symbol R39 [0402WGF3300TCE]
[lib_symbol_issues]: The current configuration does not include the symbol library 'Basic_Capacitors_Resistors'
    ; warning
    @(120.65 mm, 118.11 mm): Symbol C45 [CL10A105KB8NNNC]
[lib_symbol_issues]: The current configuration does not include the symbol library 'Basic_Capacitors_Resistors'
    ; warning
    @(138.43 mm, 62.23 mm): Symbol C46 [CL10B473KB8NNNC]
[lib_symbol_issues]: The current configuration does not include the symbol library 'Motor_Driver'
    ; warning
    @(143.51 mm, 93.98 mm): Symbol U15 [DRV8316CRRGFR]
[lib_symbol_issues]: The current configuration does not include the symbol library 'Basic_Capacitors_Resistors'
    ; warning
    @(151.13 mm, 62.23 mm): Symbol C47 [CL10A105KB8NNNC]
[lib_symbol_issues]: The current configuration does not include the symbol library 'Inductor'
    ; warning
    @(163.83 mm, 100.33 mm): Symbol L2 [PRS3015-470MT]
[lib_symbol_issues]: The current configuration does not include the symbol library 'Basic_Capacitors_Resistors'
    ; warning
    @(167.64 mm, 101.60 mm): Symbol C48 [GRM21BR61H106KE43L]
[lib_symbol_issues]: The current configuration does not include the symbol library 'Basic_Capacitors_Resistors'
    ; warning
    @(176.53 mm, 101.60 mm): Symbol C49 [GRM21BR61H106KE43L]
[lib_symbol_issues]: The current configuration does not include the symbol library 'Basic_Capacitors_Resistors'
    ; warning
    @(189.23 mm, 62.23 mm): Symbol C50 [CL05B104KB54PNC]
[lib_symbol_issues]: The current configuration does not include the symbol library 'Basic_Capacitors_Resistors'
    ; warning
    @(189.23 mm, 72.39 mm): Symbol C51 [GRM21BR61H106KE43L]
[lib_symbol_issues]: The current configuration does not include the symbol library 'Basic_Capacitors_Resistors'
    ; warning
    @(189.23 mm, 82.55 mm): Symbol C52 [GRM21BR61H106KE43L]
[lib_symbol_issues]: The current configuration does not include the symbol library 'Basic_Capacitors_Resistors'
    ; warning
    @(189.23 mm, 92.71 mm): Symbol C53 [GRM21BR61H106KE43L]
[lib_symbol_issues]: The current configuration does not include the symbol library 'Basic_Capacitors_Resistors'
    ; warning
    @(189.23 mm, 102.87 mm): Symbol C54 [GRM21BR61H106KE43L]
[lib_symbol_issues]: The current configuration does not include the symbol library 'Basic_Capacitors_Resistors'
    ; warning
    @(189.23 mm, 113.03 mm): Symbol C55 [GRM21BR61H106KE43L]
[lib_symbol_issues]: The current configuration does not include the symbol library 'Basic_Capacitors_Resistors'
    ; warning
    @(189.23 mm, 123.19 mm): Symbol C56 [GRM21BR61H106KE43L]
[lib_symbol_issues]: The current configuration does not include the symbol library 'Capacitor_SMD_UWRL'
    ; warning
    @(189.23 mm, 134.62 mm): Symbol C57 [EEEFT1H331GP]
[lib_symbol_issues]: The current configuration does not include the symbol library 'Capacitor_THT_UWRL'
    ; warning
    @(189.23 mm, 147.32 mm): Symbol C58 [50PX330MEFC10X16]

***** Sheet /motor_driver/
[pin_to_pin]: Pins of type Output and Output are connected
    ; error
    @(161.29 mm, 80.01 mm): Symbol U14 Pin 13 [OUTA, Output, Line]
    @(161.29 mm, 82.55 mm): Symbol U14 Pin 14 [OUTA, Output, Line]
[pin_to_pin]: Pins of type Output and Output are connected
    ; error
    @(161.29 mm, 85.09 mm): Symbol U14 Pin 16 [OUTB, Output, Line]
    @(161.29 mm, 87.63 mm): Symbol U14 Pin 17 [OUTB, Output, Line]
[pin_to_pin]: Pins of type Output and Output are connected
    ; error
    @(161.29 mm, 90.17 mm): Symbol U14 Pin 19 [OUTC, Output, Line]
    @(161.29 mm, 92.71 mm): Symbol U14 Pin 20 [OUTC, Output, Line]
[no_connect_dangling]: Unconnected "no connection" flag
    ; warning
    @(0.686 mm, 0.686 mm): No Connect
[pin_to_pin]: Pins of type Bidirectional and Power output are connected
    ; warning
    @(125.73 mm, 102.87 mm): Symbol U14 Pin 37 [VREF/ILIM, Bidirectional, Line]
    @(240.03 mm, 31.75 mm): Symbol U9 Pin 3 [Vout, Power output, Line]

***** Sheet /motor_driver1/
[pin_to_pin]: Pins of type Output and Output are connected
    ; error
    @(161.29 mm, 80.01 mm): Symbol U15 Pin 13 [OUTA, Output, Line]
    @(161.29 mm, 82.55 mm): Symbol U15 Pin 14 [OUTA, Output, Line]
[pin_to_pin]: Pins of type Output and Output are connected
    ; error
    @(161.29 mm, 85.09 mm): Symbol U15 Pin 16 [OUTB, Output, Line]
    @(161.29 mm, 87.63 mm): Symbol U15 Pin 17 [OUTB, Output, Line]
[pin_to_pin]: Pins of type Output and Output are connected
    ; error
    @(161.29 mm, 90.17 mm): Symbol U15 Pin 19 [OUTC, Output, Line]
    @(161.29 mm, 92.71 mm): Symbol U15 Pin 20 [OUTC, Output, Line]
[no_connect_dangling]: Unconnected "no connection" flag
    ; warning
    @(0.686 mm, 0.686 mm): No Connect
[pin_to_pin]: Pins of type Bidirectional and Power output are connected
    ; warning
    @(125.73 mm, 102.87 mm): Symbol U15 Pin 37 [VREF/ILIM, Bidirectional, Line]
    @(240.03 mm, 31.75 mm): Symbol U9 Pin 3 [Vout, Power output, Line]

***** Sheet /magnetic_encoder/

***** Sheet /magnetic_encoder1/

 ** ERC messages: 179  Errors 18  Warnings 161

 ** Ignored checks:
    - Global label only appears once in the schematic
    - Four connection points are joined together
    - SPICE model issue
    - Assigned footprint doesn't match footprint filters
